<?xml version="1.0" encoding="UTF-8" ?>
<testsuites name="vitest tests" tests="2" failures="0" errors="0" time="0.1634117">
    <testsuite name="test/app.test.ts" timestamp="2026-05-27T06:42:03.444Z" hostname="codespaces-22b5bf" tests="2" failures="0" errors="0" skipped="0" time="0.1634117">
        <testcase classname="test/app.test.ts" name="Fastify app &gt; GET /health returns ok status" time="0.156835433">
        </testcase>
        <testcase classname="test/app.test.ts" name="Fastify app &gt; GET / returns app message and version" time="0.003523558">
        </testcase>
    </testsuite>
</testsuites>
